{
    "source": "crossref",
    "contribs": [
        {
            "extra": {},
            "given_name": "Thabele",
            "raw_name": "Thabele Leslie-Mazwi",
            "role": "author",
            "surname": "Leslie-Mazwi"
        },
        {
            "extra": {},
            "given_name": "Ronil V",
            "index": 1,
            "raw_name": "Ronil V Chandra",
            "role": "author",
            "surname": "Chandra"
        },
        {
            "extra": {},
            "given_name": "Blaise W",
            "index": 2,
            "raw_name": "Blaise W Baxter",
            "role": "author",
            "surname": "Baxter"
        },
        {
            "extra": {},
            "given_name": "Adam S",
            "index": 3,
            "raw_name": "Adam S Arthur",
            "role": "author",
            "surname": "Arthur"
        },
        {
            "extra": {},
            "given_name": "Muhammad S",
            "index": 4,
            "raw_name": "Muhammad S Hussain",
            "role": "author",
            "surname": "Hussain"
        },
        {
            "extra": {},
            "given_name": "I Paul",
            "index": 5,
            "raw_name": "I Paul Singh",
            "role": "author",
            "surname": "Singh"
        },
        {
            "extra": {},
            "given_name": "Don F",
            "index": 6,
            "raw_name": "Don F Frei",
            "role": "author",
            "surname": "Frei"
        },
        {
            "extra": {},
            "given_name": "Richard P",
            "index": 7,
            "raw_name": "Richard P Klucznik",
            "role": "author",
            "surname": "Klucznik"
        },
        {
            "extra": {},
            "given_name": "Felipe C",
            "index": 8,
            "raw_name": "Felipe C Albuquerque",
            "role": "author",
            "surname": "Albuquerque"
        },
        {
            "extra": {},
            "given_name": "Joshua A",
            "index": 9,
            "raw_name": "Joshua A Hirsch",
            "role": "author",
            "surname": "Hirsch"
        }
    ],
    "ext_ids": {
        "doi": "10.1136/neurintsurg-2018-013792"
    },
    "extra": {
        "arxiv": {},
        "dblp": {},
        "openalex": {
            "open_access": {}
        },
        "crossref": {
            "subject": [
                "container:Journal of NeuroInterventional Surgery"
            ]
        },
        "oai": {}
    },
    "id": "crossref-2609237f013be2120d296a366a9033463d0d5e78",
    "issue": "6",
    "pages": "507-509",
    "publisher": "BMJ",
    "release_date": "2018-02-08",
    "release_type": "article-journal",
    "release_year": 2018,
    "title": "ELVO: an operational definition",
    "volume": "10"
}