{
    "source": "crossref",
    "contribs": [
        {
            "extra": {},
            "given_name": "S.",
            "raw_name": "S. Galle",
            "role": "author",
            "surname": "Galle"
        },
        {
            "extra": {},
            "given_name": "W.",
            "index": 1,
            "raw_name": "W. Derave",
            "role": "author",
            "surname": "Derave"
        },
        {
            "extra": {},
            "given_name": "F.",
            "index": 2,
            "raw_name": "F. Bossuyt",
            "role": "author",
            "surname": "Bossuyt"
        },
        {
            "extra": {},
            "given_name": "P.",
            "index": 3,
            "raw_name": "P. Calders",
            "role": "author",
            "surname": "Calders"
        },
        {
            "extra": {},
            "given_name": "P.",
            "index": 4,
            "raw_name": "P. Malcolm",
            "role": "author",
            "surname": "Malcolm"
        },
        {
            "extra": {},
            "given_name": "D.",
            "index": 5,
            "raw_name": "D. De Clercq",
            "role": "author",
            "surname": "De Clercq"
        }
    ],
    "ext_ids": {
        "doi": "10.1016/j.gaitpost.2016.11.040"
    },
    "extra": {
        "arxiv": {},
        "dblp": {},
        "openalex": {
            "open_access": {}
        },
        "crossref": {
            "subject": [
                "container:Gait \u0026amp; Posture"
            ]
        },
        "oai": {}
    },
    "id": "crossref-8edd99f181232f2a704904d6f1fe3bfdb1184cb5",
    "pages": "183-188",
    "publisher": "Elsevier BV",
    "release_date": "2017-02-01",
    "release_type": "article-journal",
    "release_year": 2017,
    "title": "Exoskeleton plantarflexion assistance for elderly",
    "volume": "52"
}